warning: the feature `never_type_fallback` has been stable since 1.57.0 and no longer requires an attribute to enable
  --> $DIR/fallback-closure-ret.rs:13:31
   |
LL | #![cfg_attr(fallback, feature(never_type_fallback))]
   |                               ^^^^^^^^^^^^^^^^^^^
   |
   = note: `#[warn(stable_features)]` on by default

warning: 1 warning emitted

