error[E0282]: type annotations needed
  --> $DIR/issue-51116.rs:6:13
   |
LL |         for tile in row {
   |             ---- consider giving `tile` a type
LL |
LL |             *tile = 0;
   |             ^^^^^ cannot infer type
   |
   = note: type must be known at this point

error: aborting due to previous error

For more information about this error, try `rustc --explain E0282`.
